// Jest Snapshot v1, https://goo.gl/fbAQLP

exports[`is Register rendered 1`] = `
<form
  onSubmit={[Function]}
>
  <h1>
    Register
  </h1>
  <input
    placeholder="Username"
    required={true}
    type="text"
  />
  <p>
    
  </p>
  <input
    placeholder="email"
    required={true}
    type="email"
  />
  <p>
    
  </p>
  <input
    placeholder="Password"
    required={true}
    type="password"
  />
  <p>
    
  </p>
  <input
    placeholder="Repeat Password"
    required={true}
    type="password"
  />
  <p>
    
  </p>
  <button
    aria-label={null}
    className="btn btn-secondary"
    onClick={[Function]}
    type="submit"
  >
    Submit
  </button>
  <br />
  <p>
    
  </p>
</form>
`;
