// Jest Snapshot v1, https://goo.gl/fbAQLP

exports[`is UserList rendered 1`] = `
<div>
  <h1>
    Users:
  </h1>
  <div>
    <br />
    <div>
      <h3>
        Test
      </h3>
    </div>
  </div>
</div>
`;
